// Jest Snapshot v1, https://goo.gl/fbAQLP

exports[`EpgModalCloseButton test should match with snapshot 1`] = `
<div>
  <button
    class="sc-aYaIB iLwJPY"
    data-testid="closeModalButton"
  >
    <svg
      fill="none"
      height="24"
      viewBox="0 0 24 24"
      width="24"
      xmlns="http://www.w3.org/2000/svg"
    >
      <mask
        height="24"
        id="mask0_4409_5890"
        maskUnits="userSpaceOnUse"
        width="24"
        x="0"
        y="0"
      >
        <rect
          fill="#D9D9D9"
          height="24"
          width="24"
        />
      </mask>
      <g
        mask="url(#mask0_4409_5890)"
      >
        <path
          d="M6.40008 18.3077L5.69238 17.6L11.2924 12L5.69238 6.4L6.40008 5.6923L12.0001 11.2923L17.6001 5.6923L18.3078 6.4L12.7078 12L18.3078 17.6L17.6001 18.3077L12.0001 12.7077L6.40008 18.3077Z"
          fill="#0F265C"
        />
      </g>
    </svg>
  </button>
</div>
`;
